// Jest Snapshot v1, https://goo.gl/fbAQLP

exports[`ModalManager Snapshots should render with optional props 1`] = `
<withDisclosureManager(DisclosureManager)
  render={[Function]}
  supportedDisclosureTypes={
    Array [
      "modal",
    ]
  }
  trapNestedDisclosureRequests={true}
  withDisclosureContainer={[Function]}
>
  <TestChild />
</withDisclosureManager(DisclosureManager)>
`;

exports[`ModalManager Snapshots should render with required props 1`] = `
<withDisclosureManager(DisclosureManager)
  render={[Function]}
  supportedDisclosureTypes={
    Array [
      "modal",
    ]
  }
  trapNestedDisclosureRequests={true}
  withDisclosureContainer={[Function]}
>
  <TestChild />
</withDisclosureManager(DisclosureManager)>
`;
