// Jest Snapshot v1, https://goo.gl/fbAQLP

exports[`DisclosureContainer should render the provided children 1`] = `
<ApplicationErrorBoundary>
  <ApplicationLoadingOverlayProvider>
    <BannerProvider
      fitToParentIsDisabled={false}
    >
      <withPromptRegistration(NavigationPromptCheckpoint)>
        <div>
          Test Child
        </div>
      </withPromptRegistration(NavigationPromptCheckpoint)>
    </BannerProvider>
  </ApplicationLoadingOverlayProvider>
</ApplicationErrorBoundary>
`;
