// Jest Snapshot v1, https://goo.gl/fbAQLP

exports[`DisclosureContainer should render the provided children 1`] = `
<ApplicationErrorBoundary>
  <ApplicationLoadingOverlayProvider>
    <withPromptRegistration(NavigationPromptCheckpoint)>
      <BannerCheckpoint>
        <div>
          Test Child
        </div>
      </BannerCheckpoint>
    </withPromptRegistration(NavigationPromptCheckpoint)>
  </ApplicationLoadingOverlayProvider>
</ApplicationErrorBoundary>
`;
